------------------------------------------------------------
TimeQuest Timing Analyzer Summary
------------------------------------------------------------

Type  : Slow 1100mV 85C Model Setup 'clk'
Slack : -2.927
TNS   : -46.792

Type  : Slow 1100mV 85C Model Hold 'clk'
Slack : 0.446
TNS   : 0.000

Type  : Slow 1100mV 85C Model Minimum Pulse Width 'clk'
Slack : -0.538
TNS   : -12.344

Type  : Slow 1100mV 0C Model Setup 'clk'
Slack : -2.985
TNS   : -47.704

Type  : Slow 1100mV 0C Model Hold 'clk'
Slack : 0.449
TNS   : 0.000

Type  : Slow 1100mV 0C Model Minimum Pulse Width 'clk'
Slack : -0.538
TNS   : -12.720

Type  : Fast 1100mV 85C Model Setup 'clk'
Slack : -0.862
TNS   : -13.784

Type  : Fast 1100mV 85C Model Hold 'clk'
Slack : 0.209
TNS   : 0.000

Type  : Fast 1100mV 85C Model Minimum Pulse Width 'clk'
Slack : -0.084
TNS   : -1.328

Type  : Fast 1100mV 0C Model Setup 'clk'
Slack : -0.770
TNS   : -12.312

Type  : Fast 1100mV 0C Model Hold 'clk'
Slack : 0.198
TNS   : 0.000

Type  : Fast 1100mV 0C Model Minimum Pulse Width 'clk'
Slack : -0.089
TNS   : -1.408

------------------------------------------------------------
