------------------------------------------------------------
Timing Analyzer Summary
------------------------------------------------------------

Type  : Slow 1100mV 85C Model Setup 'clk'
Slack : -3.133
TNS   : -50.088

Type  : Slow 1100mV 85C Model Hold 'clk'
Slack : 0.448
TNS   : 0.000

Type  : Slow 1100mV 85C Model Minimum Pulse Width 'clk'
Slack : -0.538
TNS   : -12.344

Type  : Slow 1100mV 0C Model Setup 'clk'
Slack : -3.161
TNS   : -50.520

Type  : Slow 1100mV 0C Model Hold 'clk'
Slack : 0.451
TNS   : 0.000

Type  : Slow 1100mV 0C Model Minimum Pulse Width 'clk'
Slack : -0.538
TNS   : -12.720

Type  : Fast 1100mV 85C Model Setup 'clk'
Slack : -0.854
TNS   : -13.656

Type  : Fast 1100mV 85C Model Hold 'clk'
Slack : 0.210
TNS   : 0.000

Type  : Fast 1100mV 85C Model Minimum Pulse Width 'clk'
Slack : -0.085
TNS   : -1.344

Type  : Fast 1100mV 0C Model Setup 'clk'
Slack : -0.747
TNS   : -11.944

Type  : Fast 1100mV 0C Model Hold 'clk'
Slack : 0.198
TNS   : 0.000

Type  : Fast 1100mV 0C Model Minimum Pulse Width 'clk'
Slack : -0.089
TNS   : -1.408

------------------------------------------------------------
