------------------------------------------------------------
Timing Analyzer Summary
------------------------------------------------------------

Type  : Slow 1100mV 85C Model Setup 'clk'
Slack : -2.838
TNS   : -95.845

Type  : Slow 1100mV 85C Model Hold 'clk'
Slack : 0.565
TNS   : 0.000

Type  : Slow 1100mV 85C Model Minimum Pulse Width 'clk'
Slack : -0.724
TNS   : -64.862

Type  : Slow 1100mV 0C Model Setup 'clk'
Slack : -3.007
TNS   : -93.146

Type  : Slow 1100mV 0C Model Hold 'clk'
Slack : 0.579
TNS   : 0.000

Type  : Slow 1100mV 0C Model Minimum Pulse Width 'clk'
Slack : -0.724
TNS   : -64.480

Type  : Fast 1100mV 85C Model Setup 'clk'
Slack : -0.605
TNS   : -11.671

Type  : Fast 1100mV 85C Model Hold 'clk'
Slack : 0.223
TNS   : 0.000

Type  : Fast 1100mV 85C Model Minimum Pulse Width 'clk'
Slack : -0.082
TNS   : -4.531

Type  : Fast 1100mV 0C Model Setup 'clk'
Slack : -0.545
TNS   : -8.314

Type  : Fast 1100mV 0C Model Hold 'clk'
Slack : 0.212
TNS   : 0.000

Type  : Fast 1100mV 0C Model Minimum Pulse Width 'clk'
Slack : -0.081
TNS   : -4.473

------------------------------------------------------------
