Analysis & Synthesis report for neuron
Fri Nov 16 17:21:13 2018
Quartus Prime Version 18.1.0 Build 625 09/12/2018 SJ Lite Edition


---------------------
; Table of Contents ;
---------------------
  1. Legal Notice
  2. Analysis & Synthesis Summary
  3. Analysis & Synthesis Settings
  4. Parallel Compilation
  5. Analysis & Synthesis Source Files Read
  6. Analysis & Synthesis Resource Usage Summary
  7. Analysis & Synthesis Resource Utilization by Entity
  8. Analysis & Synthesis DSP Block Usage Summary
  9. General Register Statistics
 10. Multiplexer Restructuring Statistics (Restructuring Performed)
 11. Parameter Settings for User Entity Instance: Top-level Entity: |neuron
 12. Parameter Settings for User Entity Instance: NE:Neuronio
 13. Post-Synthesis Netlist Statistics for Top Partition
 14. Elapsed Time Per Partition
 15. Analysis & Synthesis Messages



----------------
; Legal Notice ;
----------------
Copyright (C) 2018  Intel Corporation. All rights reserved.
Your use of Intel Corporation's design tools, logic functions 
and other software and tools, and its AMPP partner logic 
functions, and any output files from any of the foregoing 
(including device programming or simulation files), and any 
associated documentation or information are expressly subject 
to the terms and conditions of the Intel Program License 
Subscription Agreement, the Intel Quartus Prime License Agreement,
the Intel FPGA IP License Agreement, or other applicable license
agreement, including, without limitation, that your use is for
the sole purpose of programming logic devices manufactured by
Intel and sold by Intel or its authorized distributors.  Please
refer to the applicable agreement for further details.



+-------------------------------------------------------------------------------+
; Analysis & Synthesis Summary                                                  ;
+---------------------------------+---------------------------------------------+
; Analysis & Synthesis Status     ; Successful - Fri Nov 16 17:21:13 2018       ;
; Quartus Prime Version           ; 18.1.0 Build 625 09/12/2018 SJ Lite Edition ;
; Revision Name                   ; neuron                                      ;
; Top-level Entity Name           ; Neuron                                      ;
; Family                          ; Cyclone V                                   ;
; Logic utilization (in ALMs)     ; N/A                                         ;
; Total registers                 ; 57                                          ;
; Total pins                      ; 51                                          ;
; Total virtual pins              ; 0                                           ;
; Total block memory bits         ; 0                                           ;
; Total DSP Blocks                ; 1                                           ;
; Total HSSI RX PCSs              ; 0                                           ;
; Total HSSI PMA RX Deserializers ; 0                                           ;
; Total HSSI TX PCSs              ; 0                                           ;
; Total HSSI PMA TX Serializers   ; 0                                           ;
; Total PLLs                      ; 0                                           ;
; Total DLLs                      ; 0                                           ;
+---------------------------------+---------------------------------------------+


+---------------------------------------------------------------------------------------------------------------------------+
; Analysis & Synthesis Settings                                                                                             ;
+---------------------------------------------------------------------------------+--------------------+--------------------+
; Option                                                                          ; Setting            ; Default Value      ;
+---------------------------------------------------------------------------------+--------------------+--------------------+
; Device                                                                          ; 5CSXFC6D6F31C8ES   ;                    ;
; Top-level entity name                                                           ; neuron             ; neuron             ;
; Family name                                                                     ; Cyclone V          ; Cyclone V          ;
; Use smart compilation                                                           ; Off                ; Off                ;
; Enable parallel Assembler and Timing Analyzer during compilation                ; On                 ; On                 ;
; Enable compact report table                                                     ; Off                ; Off                ;
; Restructure Multiplexers                                                        ; Auto               ; Auto               ;
; MLAB Add Timing Constraints For Mixed-Port Feed-Through Mode Setting Don't Care ; Off                ; Off                ;
; Create Debugging Nodes for IP Cores                                             ; Off                ; Off                ;
; Preserve fewer node names                                                       ; On                 ; On                 ;
; Intel FPGA IP Evaluation Mode                                                   ; Enable             ; Enable             ;
; Verilog Version                                                                 ; Verilog_2001       ; Verilog_2001       ;
; VHDL Version                                                                    ; VHDL_1993          ; VHDL_1993          ;
; State Machine Processing                                                        ; Auto               ; Auto               ;
; Safe State Machine                                                              ; Off                ; Off                ;
; Extract Verilog State Machines                                                  ; On                 ; On                 ;
; Extract VHDL State Machines                                                     ; On                 ; On                 ;
; Ignore Verilog initial constructs                                               ; Off                ; Off                ;
; Iteration limit for constant Verilog loops                                      ; 5000               ; 5000               ;
; Iteration limit for non-constant Verilog loops                                  ; 250                ; 250                ;
; Add Pass-Through Logic to Inferred RAMs                                         ; On                 ; On                 ;
; Infer RAMs from Raw Logic                                                       ; On                 ; On                 ;
; Parallel Synthesis                                                              ; On                 ; On                 ;
; DSP Block Balancing                                                             ; Auto               ; Auto               ;
; NOT Gate Push-Back                                                              ; On                 ; On                 ;
; Power-Up Don't Care                                                             ; On                 ; On                 ;
; Remove Redundant Logic Cells                                                    ; Off                ; Off                ;
; Remove Duplicate Registers                                                      ; On                 ; On                 ;
; Ignore CARRY Buffers                                                            ; Off                ; Off                ;
; Ignore CASCADE Buffers                                                          ; Off                ; Off                ;
; Ignore GLOBAL Buffers                                                           ; Off                ; Off                ;
; Ignore ROW GLOBAL Buffers                                                       ; Off                ; Off                ;
; Ignore LCELL Buffers                                                            ; Off                ; Off                ;
; Ignore SOFT Buffers                                                             ; On                 ; On                 ;
; Limit AHDL Integers to 32 Bits                                                  ; Off                ; Off                ;
; Optimization Technique                                                          ; Balanced           ; Balanced           ;
; Carry Chain Length                                                              ; 70                 ; 70                 ;
; Auto Carry Chains                                                               ; On                 ; On                 ;
; Auto Open-Drain Pins                                                            ; On                 ; On                 ;
; Perform WYSIWYG Primitive Resynthesis                                           ; Off                ; Off                ;
; Auto ROM Replacement                                                            ; On                 ; On                 ;
; Auto RAM Replacement                                                            ; On                 ; On                 ;
; Auto DSP Block Replacement                                                      ; On                 ; On                 ;
; Auto Shift Register Replacement                                                 ; Auto               ; Auto               ;
; Allow Shift Register Merging across Hierarchies                                 ; Auto               ; Auto               ;
; Auto Clock Enable Replacement                                                   ; On                 ; On                 ;
; Strict RAM Replacement                                                          ; Off                ; Off                ;
; Allow Synchronous Control Signals                                               ; On                 ; On                 ;
; Force Use of Synchronous Clear Signals                                          ; Off                ; Off                ;
; Auto Resource Sharing                                                           ; Off                ; Off                ;
; Allow Any RAM Size For Recognition                                              ; Off                ; Off                ;
; Allow Any ROM Size For Recognition                                              ; Off                ; Off                ;
; Allow Any Shift Register Size For Recognition                                   ; Off                ; Off                ;
; Use LogicLock Constraints during Resource Balancing                             ; On                 ; On                 ;
; Ignore translate_off and synthesis_off directives                               ; Off                ; Off                ;
; Timing-Driven Synthesis                                                         ; On                 ; On                 ;
; Report Parameter Settings                                                       ; On                 ; On                 ;
; Report Source Assignments                                                       ; On                 ; On                 ;
; Report Connectivity Checks                                                      ; On                 ; On                 ;
; Ignore Maximum Fan-Out Assignments                                              ; Off                ; Off                ;
; Synchronization Register Chain Length                                           ; 3                  ; 3                  ;
; Power Optimization During Synthesis                                             ; Normal compilation ; Normal compilation ;
; HDL message level                                                               ; Level2             ; Level2             ;
; Suppress Register Optimization Related Messages                                 ; Off                ; Off                ;
; Number of Removed Registers Reported in Synthesis Report                        ; 5000               ; 5000               ;
; Number of Swept Nodes Reported in Synthesis Report                              ; 5000               ; 5000               ;
; Number of Inverted Registers Reported in Synthesis Report                       ; 100                ; 100                ;
; Clock MUX Protection                                                            ; On                 ; On                 ;
; Auto Gated Clock Conversion                                                     ; Off                ; Off                ;
; Block Design Naming                                                             ; Auto               ; Auto               ;
; SDC constraint protection                                                       ; Off                ; Off                ;
; Synthesis Effort                                                                ; Auto               ; Auto               ;
; Shift Register Replacement - Allow Asynchronous Clear Signal                    ; On                 ; On                 ;
; Pre-Mapping Resynthesis Optimization                                            ; Off                ; Off                ;
; Analysis & Synthesis Message Level                                              ; Medium             ; Medium             ;
; Disable Register Merging Across Hierarchies                                     ; Auto               ; Auto               ;
; Resource Aware Inference For Block RAM                                          ; On                 ; On                 ;
; Automatic Parallel Synthesis                                                    ; On                 ; On                 ;
; Partial Reconfiguration Bitstream ID                                            ; Off                ; Off                ;
+---------------------------------------------------------------------------------+--------------------+--------------------+


+------------------------------------------+
; Parallel Compilation                     ;
+----------------------------+-------------+
; Processors                 ; Number      ;
+----------------------------+-------------+
; Number detected on machine ; 8           ;
; Maximum allowed            ; 4           ;
;                            ;             ;
; Average used               ; 1.00        ;
; Maximum used               ; 4           ;
;                            ;             ;
; Usage by Processor         ; % Time Used ;
;     Processor 1            ; 100.0%      ;
;     Processors 2-4         ;   0.0%      ;
+----------------------------+-------------+


+--------------------------------------------------------------------------------------------------------------------------------+
; Analysis & Synthesis Source Files Read                                                                                         ;
+----------------------------------+-----------------+-----------------+-----------------------------------------------+---------+
; File Name with User-Entered Path ; Used in Netlist ; File Type       ; File Name with Absolute Path                  ; Library ;
+----------------------------------+-----------------+-----------------+-----------------------------------------------+---------+
; neuron.vhd                       ; yes             ; User VHDL File  ; /home/gabriel/3DRec/neuronv3/neuron.vhd       ;         ;
; RELU.vhd                         ; yes             ; User VHDL File  ; /home/gabriel/3DRec/neuronv3/RELU.vhd         ;         ;
; mac.vhd                          ; yes             ; User VHDL File  ; /home/gabriel/3DRec/neuronv3/mac.vhd          ;         ;
; my_functions.vhd                 ; yes             ; User VHDL File  ; /home/gabriel/3DRec/neuronv3/my_functions.vhd ;         ;
; ../../neuronv2/state_machine.vhd ; yes             ; User VHDL File  ; /home/gabriel/neuronv2/state_machine.vhd      ;         ;
; ../../neuronv2/NE.vhd            ; yes             ; User VHDL File  ; /home/gabriel/neuronv2/NE.vhd                 ;         ;
+----------------------------------+-----------------+-----------------+-----------------------------------------------+---------+


+---------------------------------------------------------+
; Analysis & Synthesis Resource Usage Summary             ;
+---------------------------------------------+-----------+
; Resource                                    ; Usage     ;
+---------------------------------------------+-----------+
; Estimate of Logic utilization (ALMs needed) ; 48        ;
;                                             ;           ;
; Combinational ALUT usage for logic          ; 78        ;
;     -- 7 input functions                    ; 0         ;
;     -- 6 input functions                    ; 9         ;
;     -- 5 input functions                    ; 2         ;
;     -- 4 input functions                    ; 16        ;
;     -- <=3 input functions                  ; 51        ;
;                                             ;           ;
; Dedicated logic registers                   ; 57        ;
;                                             ;           ;
; I/O pins                                    ; 51        ;
;                                             ;           ;
; Total DSP Blocks                            ; 1         ;
;                                             ;           ;
; Maximum fan-out node                        ; clk~input ;
; Maximum fan-out                             ; 57        ;
; Total fan-out                               ; 524       ;
; Average fan-out                             ; 2.20      ;
+---------------------------------------------+-----------+


+----------------------------------------------------------------------------------------------------------------------------------------------------------------------------------------------------------+
; Analysis & Synthesis Resource Utilization by Entity                                                                                                                                                      ;
+----------------------------+---------------------+---------------------------+-------------------+------------+------+--------------+-------------------------------------+---------------+--------------+
; Compilation Hierarchy Node ; Combinational ALUTs ; Dedicated Logic Registers ; Block Memory Bits ; DSP Blocks ; Pins ; Virtual Pins ; Full Hierarchy Name                 ; Entity Name   ; Library Name ;
+----------------------------+---------------------+---------------------------+-------------------+------------+------+--------------+-------------------------------------+---------------+--------------+
; |Neuron                    ; 78 (0)              ; 57 (0)                    ; 0                 ; 1          ; 51   ; 0            ; |Neuron                             ; Neuron        ; work         ;
;    |NE:Neuronio|           ; 49 (0)              ; 48 (0)                    ; 0                 ; 1          ; 0    ; 0            ; |Neuron|NE:Neuronio                 ; NE            ; work         ;
;       |RELU:Activation|    ; 15 (15)             ; 0 (0)                     ; 0                 ; 0          ; 0    ; 0            ; |Neuron|NE:Neuronio|RELU:Activation ; RELU          ; work         ;
;       |mac:Mult_Accum|     ; 34 (34)             ; 48 (48)                   ; 0                 ; 1          ; 0    ; 0            ; |Neuron|NE:Neuronio|mac:Mult_Accum  ; mac           ; work         ;
;    |state_machine:UC|      ; 29 (29)             ; 9 (9)                     ; 0                 ; 0          ; 0    ; 0            ; |Neuron|state_machine:UC            ; state_machine ; work         ;
+----------------------------+---------------------+---------------------------+-------------------+------------+------+--------------+-------------------------------------+---------------+--------------+
Note: For table entries with two numbers listed, the numbers in parentheses indicate the number of resources of the given type used by the specific entity alone. The numbers listed outside of parentheses indicate the total resources of the given type used by the specific entity and all of its sub-entities in the hierarchy.


+----------------------------------------------+
; Analysis & Synthesis DSP Block Usage Summary ;
+-------------------------------+--------------+
; Statistic                     ; Number Used  ;
+-------------------------------+--------------+
; Independent 9x9               ; 1            ;
; Total number of DSP blocks    ; 1            ;
;                               ;              ;
; Fixed Point Signed Multiplier ; 1            ;
+-------------------------------+--------------+


+------------------------------------------------------+
; General Register Statistics                          ;
+----------------------------------------------+-------+
; Statistic                                    ; Value ;
+----------------------------------------------+-------+
; Total registers                              ; 57    ;
; Number of registers using Synchronous Clear  ; 16    ;
; Number of registers using Synchronous Load   ; 9     ;
; Number of registers using Asynchronous Clear ; 1     ;
; Number of registers using Asynchronous Load  ; 0     ;
; Number of registers using Clock Enable       ; 40    ;
; Number of registers using Preset             ; 0     ;
+----------------------------------------------+-------+


+---------------------------------------------------------------------------------------------------------------------------------------------------------+
; Multiplexer Restructuring Statistics (Restructuring Performed)                                                                                          ;
+--------------------+-----------+---------------+----------------------+------------------------+------------+-------------------------------------------+
; Multiplexer Inputs ; Bus Width ; Baseline Area ; Area if Restructured ; Saving if Restructured ; Registered ; Example Multiplexer Output                ;
+--------------------+-----------+---------------+----------------------+------------------------+------------+-------------------------------------------+
; 4:1                ; 8 bits    ; 16 LEs        ; 16 LEs               ; 0 LEs                  ; Yes        ; |Neuron|state_machine:UC|count_0[6]       ;
; 4:1                ; 16 bits   ; 32 LEs        ; 16 LEs               ; 16 LEs                 ; Yes        ; |Neuron|NE:Neuronio|mac:Mult_Accum|reg[9] ;
+--------------------+-----------+---------------+----------------------+------------------------+------------+-------------------------------------------+


+------------------------------------------------------------------------+
; Parameter Settings for User Entity Instance: Top-level Entity: |neuron ;
+----------------+-------+-----------------------------------------------+
; Parameter Name ; Value ; Type                                          ;
+----------------+-------+-----------------------------------------------+
; n              ; 7     ; Signed Integer                                ;
+----------------+-------+-----------------------------------------------+
Note: In order to hide this table in the UI and the text report file, please set the "Show Parameter Settings in Synthesis Report" option in "Analysis and Synthesis Settings -> More Settings" to "Off".


+----------------------------------------------------------+
; Parameter Settings for User Entity Instance: NE:Neuronio ;
+----------------+-------+---------------------------------+
; Parameter Name ; Value ; Type                            ;
+----------------+-------+---------------------------------+
; n              ; 7     ; Signed Integer                  ;
+----------------+-------+---------------------------------+
Note: In order to hide this table in the UI and the text report file, please set the "Show Parameter Settings in Synthesis Report" option in "Analysis and Synthesis Settings -> More Settings" to "Off".


+-----------------------------------------------------+
; Post-Synthesis Netlist Statistics for Top Partition ;
+-----------------------+-----------------------------+
; Type                  ; Count                       ;
+-----------------------+-----------------------------+
; arriav_ff             ; 57                          ;
;     CLR SLD           ; 1                           ;
;     ENA               ; 16                          ;
;     ENA SCLR          ; 16                          ;
;     ENA SLD           ; 8                           ;
;     plain             ; 16                          ;
; arriav_lcell_comb     ; 79                          ;
;     arith             ; 32                          ;
;         1 data inputs ; 16                          ;
;         2 data inputs ; 16                          ;
;     normal            ; 47                          ;
;         0 data inputs ; 1                           ;
;         2 data inputs ; 17                          ;
;         3 data inputs ; 2                           ;
;         4 data inputs ; 16                          ;
;         5 data inputs ; 2                           ;
;         6 data inputs ; 9                           ;
; arriav_mac            ; 1                           ;
; boundary_port         ; 51                          ;
;                       ;                             ;
; Max LUT depth         ; 3.50                        ;
; Average LUT depth     ; 1.92                        ;
+-----------------------+-----------------------------+


+-------------------------------+
; Elapsed Time Per Partition    ;
+----------------+--------------+
; Partition Name ; Elapsed Time ;
+----------------+--------------+
; Top            ; 00:00:00     ;
+----------------+--------------+


+-------------------------------+
; Analysis & Synthesis Messages ;
+-------------------------------+
Info: *******************************************************************
Info: Running Quartus Prime Analysis & Synthesis
    Info: Version 18.1.0 Build 625 09/12/2018 SJ Lite Edition
    Info: Processing started: Fri Nov 16 17:21:02 2018
Info: Command: quartus_map --read_settings_files=on --write_settings_files=off neuron -c neuron
Warning (18236): Number of processors has not been specified which may cause overloading on shared machines.  Set the global assignment NUM_PARALLEL_PROCESSORS in your QSF to an appropriate value for best performance.
Info (20030): Parallel compilation is enabled and will use 4 of the 4 processors detected
Warning (12019): Can't analyze file -- file regn_8.vhd is missing
Info (12021): Found 2 design units, including 1 entities, in source file neuron.vhd
    Info (12022): Found design unit 1: Neuron-Behavioral File: /home/gabriel/3DRec/neuronv3/neuron.vhd Line: 29
    Info (12023): Found entity 1: Neuron File: /home/gabriel/3DRec/neuronv3/neuron.vhd Line: 17
Warning (12019): Can't analyze file -- file adder_tree.vhd is missing
Warning (12019): Can't analyze file -- file sigmoide.vhd is missing
Info (12021): Found 2 design units, including 0 entities, in source file data_types.vhd
    Info (12022): Found design unit 1: data_types File: /home/gabriel/3DRec/neuronv3/data_types.vhd Line: 14
    Info (12022): Found design unit 2: data_types-body File: /home/gabriel/3DRec/neuronv3/data_types.vhd Line: 20
Warning (12019): Can't analyze file -- file sig_altmult_accum.vhd is missing
Info (12021): Found 2 design units, including 1 entities, in source file RELU.vhd
    Info (12022): Found design unit 1: RELU-Behavioral File: /home/gabriel/3DRec/neuronv3/RELU.vhd Line: 12
    Info (12023): Found entity 1: RELU File: /home/gabriel/3DRec/neuronv3/RELU.vhd Line: 5
Warning (12019): Can't analyze file -- file regn_16.vhd is missing
Info (12021): Found 2 design units, including 1 entities, in source file mac.vhd
    Info (12022): Found design unit 1: mac-rtl File: /home/gabriel/3DRec/neuronv3/mac.vhd Line: 19
    Info (12023): Found entity 1: mac File: /home/gabriel/3DRec/neuronv3/mac.vhd Line: 6
Info (12021): Found 2 design units, including 0 entities, in source file my_functions.vhd
    Info (12022): Found design unit 1: my_functions File: /home/gabriel/3DRec/neuronv3/my_functions.vhd Line: 6
    Info (12022): Found design unit 2: my_functions-body File: /home/gabriel/3DRec/neuronv3/my_functions.vhd Line: 11
Info (12021): Found 1 design units, including 1 entities, in source file /home/gabriel/neuronv2/neuron_input.v
    Info (12023): Found entity 1: neuron_input File: /home/gabriel/neuronv2/neuron_input.v Line: 1
Info (12021): Found 2 design units, including 1 entities, in source file /home/gabriel/neuronv2/state_machine.vhd
    Info (12022): Found design unit 1: state_machine-rtl File: /home/gabriel/neuronv2/state_machine.vhd Line: 25
    Info (12023): Found entity 1: state_machine File: /home/gabriel/neuronv2/state_machine.vhd Line: 11
Info (12021): Found 1 design units, including 1 entities, in source file /home/gabriel/neuronv2/neuron_output.v
    Info (12023): Found entity 1: neuron_output File: /home/gabriel/neuronv2/neuron_output.v Line: 1
Info (12021): Found 2 design units, including 1 entities, in source file /home/gabriel/neuronv2/NE.vhd
    Info (12022): Found design unit 1: NE-Behavioral File: /home/gabriel/neuronv2/NE.vhd Line: 26
    Info (12023): Found entity 1: NE File: /home/gabriel/neuronv2/NE.vhd Line: 17
Info (12127): Elaborating entity "neuron" for the top level hierarchy
Info (12128): Elaborating entity "NE" for hierarchy "NE:Neuronio" File: /home/gabriel/3DRec/neuronv3/neuron.vhd Line: 52
Info (12128): Elaborating entity "mac" for hierarchy "NE:Neuronio|mac:Mult_Accum" File: /home/gabriel/neuronv2/NE.vhd Line: 55
Info (12128): Elaborating entity "RELU" for hierarchy "NE:Neuronio|RELU:Activation" File: /home/gabriel/neuronv2/NE.vhd Line: 56
Info (12128): Elaborating entity "state_machine" for hierarchy "state_machine:UC" File: /home/gabriel/3DRec/neuronv3/neuron.vhd Line: 53
Warning (13024): Output pins are stuck at VCC or GND
    Warning (13410): Pin "O[15]" is stuck at GND File: /home/gabriel/3DRec/neuronv3/neuron.vhd Line: 24
Info (286030): Timing-Driven Synthesis is running
Info (16010): Generating hard_block partition "hard_block:auto_generated_inst"
    Info (16011): Adding 0 node(s), including 0 DDIO, 0 PLL, 0 transceiver and 0 LCELL
Info (21057): Implemented 162 device resources after synthesis - the final resource count might be different
    Info (21058): Implemented 27 input pins
    Info (21059): Implemented 24 output pins
    Info (21061): Implemented 110 logic cells
    Info (21062): Implemented 1 DSP elements
Info: Quartus Prime Analysis & Synthesis was successful. 0 errors, 8 warnings
    Info: Peak virtual memory: 1067 megabytes
    Info: Processing ended: Fri Nov 16 17:21:13 2018
    Info: Elapsed time: 00:00:11
    Info: Total CPU time (on all processors): 00:00:27


